// Jest Snapshot v1, https://goo.gl/fbAQLP

exports[`RecipeTable Renders correctly 1`] = `
<div
  className="table"
>
  <div
    className="ant-table-wrapper"
    style={undefined}
  >
    <div
      className="ant-spin-nested-loading"
      style={null}
    >
      <div
        className="ant-spin-container"
      >
        <div
          className="ant-table ant-table-large ant-table-bordered ant-table-empty ant-table-scroll-position-left"
          id={undefined}
          style={Object {}}
        >
          <div
            className="ant-table-content"
          >
            <div
              className="ant-table-body"
              onScroll={[Function]}
              style={Object {}}
            >
              <table
                className=""
                style={Object {}}
              >
                <colgroup>
                  <col
                    style={
                      Object {
                        "minWidth": undefined,
                        "width": undefined,
                      }
                    }
                  />
                  <col
                    style={
                      Object {
                        "minWidth": undefined,
                        "width": undefined,
                      }
                    }
                  />
                  <col
                    style={
                      Object {
                        "minWidth": undefined,
                        "width": undefined,
                      }
                    }
                  />
                  <col
                    style={
                      Object {
                        "minWidth": undefined,
                        "width": undefined,
                      }
                    }
                  />
                </colgroup>
                <thead
                  className="ant-table-thead"
                >
                  <tr
                    style={
                      Object {
                        "height": null,
                      }
                    }
                  >
                    <th
                      className=""
                    >
                      <span>
                        Dish Name
                      </span>
                    </th>
                    <th
                      className=""
                    >
                      <span>
                        Calories
                      </span>
                    </th>
                    <th
                      className=""
                    >
                      <span>
                        Health
                      </span>
                    </th>
                    <th
                      className=""
                    >
                      <span>
                        Diet
                      </span>
                    </th>
                  </tr>
                </thead>
                <tbody
                  className="ant-table-tbody"
                />
              </table>
            </div>
            <div
              className="ant-table-placeholder"
            >
              No data
            </div>
          </div>
        </div>
      </div>
    </div>
  </div>
</div>
`;
