// Jest Snapshot v1, https://goo.gl/fbAQLP

exports[`SearchBar Renders correctly 1`] = `
<div
  className="search"
>
  <span
    className="ant-input-search ant-input-search-enter-button ant-input-affix-wrapper"
    style={undefined}
  >
    <input
      className="ant-input"
      disabled={false}
      onKeyDown={[Function]}
      placeholder="Search support by Edamam"
      size={undefined}
      style={null}
      type="text"
    />
    <span
      className="ant-input-suffix"
    >
      <button
        className="ant-btn ant-input-search-button ant-btn-primary"
        onClick={[Function]}
        type="button"
      >
        <i
          className="anticon anticon-search"
        />
      </button>
    </span>
  </span>
</div>
`;
